============================================================
 Job name    : 
 Job ID      : 
 Node        : 
 CPUs/task   : 
 Start time  : Tue Mar 31 07:41:04 PM CEST 2026
 Run dir     : logs/runs/20260331_194104
============================================================
Metadata saved to logs/runs/20260331_194104/meta.txt
./run_better.sh: line 136: uv: command not found

=== NVIDIA-SMI debug setup ===
./run_better.sh: line 159: nvidia-smi: command not found
./run_better.sh: line 162: nvidia-smi: command not found
./run_better.sh: line 167: nvidia-smi: command not found
nvidia-smi sampler PID : 3748748
GPU timeseries log     : logs/runs/20260331_194104/nvidia-smi.csv
Process monitor log    : logs/runs/20260331_194104/nvidia-smi.pmon.csv
=============================

--- Python / torch ---
./run_better.sh: line 192: nvidia-smi: command not found
Python : /orfeo/cephfs/home/astreo/gbillo/solar_system/PINN/.venv/bin/python
Python 3.11.14

libgomp: Invalid value for environment variable OMP_NUM_THREADS
torch        : 2.10.0+cu128
CUDA available: False
GPU          : N/A

--- Starting pipeline ---

libgomp: Invalid value for environment variable OMP_NUM_THREADS
19:41:11 | INFO     | === Stage 0: Setup & dependency check ===
19:41:11 | INFO     | Project root : /orfeo/cephfs/home/astreo/gbillo/solar_system/PINN
19:41:11 | INFO     | Python       : /orfeo/cephfs/home/astreo/gbillo/solar_system/PINN/.venv/bin/python
19:41:11 | INFO     | Frame        : icrs | Origin: barycentric
19:41:11 | INFO     | Time scale   : tdb
19:41:11 | INFO     | Unit system  : UnitSystem(length='km', time='s', velocity='km/s', mu='km^3/s^2')
19:41:11 | INFO     | Bodies       : ('sun', 'mercury', 'venus', 'earth', 'moon', 'mars', 'jupiter', 'saturn', 'uranus', 'neptune')
19:41:11 | INFO     | All required packages found.
19:41:11 | INFO     | DE440 kernel : /orfeo/cephfs/home/astreo/gbillo/solar_system/PINN/data/de440.bsp
19:41:11 | INFO     | === Stage 1: Building dataset ===
19:41:11 | INFO     | Kernel path   : /orfeo/cephfs/home/astreo/gbillo/solar_system/PINN/data/de440.bsp
19:41:11 | INFO     | Date range    : 2010-01-01T00:00:00 → 2030-01-01T00:00:00
19:41:11 | INFO     | Step          : 3.0 h
19:41:12 | INFO     | States shape  : (58441, 10, 6)
19:41:12 | INFO     | Num samples   : 58441
19:41:12 | INFO     | Frame         : icrs | Timescale: tdb
19:41:14 | INFO     | Dataset saved : /u/astreo/gbillo/solar_system/PINN/data/dataset_demo.npz
  File "/orfeo/cephfs/home/astreo/gbillo/solar_system/PINN/PINN_train_improved.py", line 508
    args=(rank=rank, 
          ^^^^^^^^^
SyntaxError: invalid syntax. Maybe you meant '==' or ':=' instead of '='?

============================================================
 End time    : Tue Mar 31 07:41:15 PM CEST 2026
 Exit code   : 1
 Run dir     : logs/runs/20260331_194104
============================================================

=== Cleanup ===
./run_better.sh: line 182: nvidia-smi: command not found
./run_better.sh: line 183: nvidia-smi: command not found
