============================================================
 Job name    : LEOPARDD
 Job ID      : 1152884
 Node        : gpu002
 CPUs/task   : 8
 Start time  : Tue Apr 21 05:09:59 PM CEST 2026
 Run dir     : logs/runs/1152884
============================================================
Metadata saved to logs/runs/1152884/meta.txt
Resolved 171 packages in 1ms
   Building solsys-emulator @ file:///orfeo/cephfs/home/astreo/gbillo/solar_system/PINN
      Built solsys-emulator @ file:///orfeo/cephfs/home/astreo/gbillo/solar_system/PINN
Prepared 1 package in 1.34s
Uninstalled 1 package in 7ms
Installed 1 package in 5ms
 ~ solsys-emulator==0.1.0 (from file:///orfeo/cephfs/home/astreo/gbillo/solar_system/PINN)

=== NVIDIA-SMI debug setup ===
Tue Apr 21 17:10:01 2026       
+-----------------------------------------------------------------------------------------+
| NVIDIA-SMI 580.105.08             Driver Version: 580.105.08     CUDA Version: 13.0     |
+-----------------------------------------+------------------------+----------------------+
| GPU  Name                 Persistence-M | Bus-Id          Disp.A | Volatile Uncorr. ECC |
| Fan  Temp   Perf          Pwr:Usage/Cap |           Memory-Usage | GPU-Util  Compute M. |
|                                         |                        |               MIG M. |
|=========================================+========================+======================|
|   0  Tesla V100-PCIE-32GB           Off |   00000000:3B:00.0 Off |                    0 |
| N/A   33C    P0             29W /  250W |       0MiB /  32768MiB |      0%      Default |
|                                         |                        |                  N/A |
+-----------------------------------------+------------------------+----------------------+

+-----------------------------------------------------------------------------------------+
| Processes:                                                                              |
|  GPU   GI   CI              PID   Type   Process name                        GPU Memory |
|        ID   ID                                                               Usage      |
|=========================================================================================|
|  No running processes found                                                             |
+-----------------------------------------------------------------------------------------+
2026/04/21 17:10:01.155, 0, Tesla V100-PCIE-32GB, GPU-30788faf-e0ad-be8a-8840-ed02b093a048, 580.105.08, 32768, 0, 32495, 0, 0, 33, 29.89, 250.00
nvidia-smi sampler PID : 4068481
GPU timeseries log     : logs/runs/1152884/nvidia-smi.csv
Process monitor log    : logs/runs/1152884/nvidia-smi.pmon.csv
=============================

--- Python / torch ---
Python : /orfeo/cephfs/home/astreo/gbillo/solar_system/PINN/.venv/bin/python
Python 3.11.14
torch        : 2.5.1+cu121
CUDA available: True
GPU          : Tesla V100-PCIE-32GB

--- Starting pipeline ---
================================================================================
PINN TRAINING ENVIRONMENT VERIFICATION
================================================================================

================================================================================
PYTHON VERSION
================================================================================
Python 3.11.14
✓ OK

================================================================================
PYTORCH
================================================================================
PyTorch version: 2.5.1+cu121
PyTorch CUDA build: 12.1
CUDA available: True
GPU count: 1
  GPU 0: Tesla V100-PCIE-32GB (31.7 GB) | CC 7.0
✓ OK - CUDA ready

================================================================================
CUDA COMPATIBILITY
================================================================================
PyTorch version: 2.5.1+cu121
PyTorch CUDA build: 12.1
NVIDIA driver version: 580.105.08
torch.cuda.is_available(): True
Wheel architecture list: ['sm_50', 'sm_60', 'sm_70', 'sm_75', 'sm_80', 'sm_86', 'sm_90']
Visible GPU count: 1
  GPU 0: Tesla V100-PCIE-32GB | CC 7.0 -> sm_70 | ✓ OK
✓ OK - CUDA compatibility check passed

================================================================================
DISTRIBUTED TRAINING
================================================================================
torch.distributed available: True
Available backends: nccl, gloo
✓ OK - NCCL backend available (recommended for multi-GPU)

================================================================================
OPTIONAL DEPENDENCIES
================================================================================
✓ numpy           - Required
✓ matplotlib      - Required for plotting
✓ tqdm            - Progress bars
✓ tensorboard     - TensorBoard logging
✓ wandb           - Weights & Biases logging

================================================================================
PROJECT FILES
================================================================================

Required files:
✓ train.py                                 - Unified training script
✗ train_ddp.py                             - DDP training script
✓ src/solsys_emulator/train.py             - Training module
✓ src/solsys_emulator/model.py             - Model module
✓ data/dataset_demo.npz                    - Demo dataset

Documentation:
✓ DDP_IMPLEMENTATION.md                    - DDP guide
✓ LOGGING_GUIDE.md                         - Logging guide
✓ QUICK_REFERENCE.md                       - Quick reference
⚠ minimal_ddp_example.py                   - Minimal DDP example

================================================================================
GPU MEMORY
================================================================================
GPU 0: Tesla V100-PCIE-32GB
  Total: 32.0 GB
  Free:  31.7 GB
✓ OK

================================================================================
SUMMARY
================================================================================
PYTHON               ✓ PASS
PYTORCH              ✓ PASS
CUDA_COMPATIBILITY   ✓ PASS
DISTRIBUTED          ✓ PASS
DEPENDENCIES         ✓ PASS
FILES                ✗ FAIL
GPU_MEMORY           ✓ PASS

✗ Some checks failed. Please address the issues above.

Common fixes:
  • Install PyTorch: pip install torch
  • Install dependencies: pip install numpy matplotlib tqdm
  • Check CUDA installation: nvidia-smi
  • Use a node with a newer NVIDIA driver if your torch build targets newer CUDA
  • Use a torch build that supports your GPU architecture

================================================================================
Next steps:
  1. Read README.md for overview
  2. Try a test run: python train.py --device cuda --epochs 10
  3. Read DDP_IMPLEMENTATION.md for multi-GPU setup
================================================================================

usage: solsys_setup.py [-h] [--start START] [--end END]
                       [--step-hours STEP_HOURS] [--kernel KERNEL]
                       [--dataset-path DATASET_PATH] [--skip-dataset]
solsys_setup.py: error: unrecognized arguments: --dataset-type tle
================================================================================
SOLAR SYSTEM PINN TRAINING
================================================================================
Project root: /orfeo/cephfs/home/astreo/gbillo/solar_system/PINN
Python: /orfeo/cephfs/home/astreo/gbillo/solar_system/PINN/.venv/bin/python
Setting cuda to: 0

================================================================================
UNIFIED SINGLE-STAGE TRAINING MODE
================================================================================

Dataset: /u/astreo/gbillo/solar_system/PINN/data/leopardd_dataset.npz
States shape: (11239, 1, 6)
Num samples: 11239
Device: cuda:0
GPU profile: False
Model: 384x6 plain
Training: 600 epochs, batch=384, lr=0.0002
GPU Memory: 0.00 GB allocated, 0.00 GB reserved

Starting training...
[Rank 0/1] Training on cuda:0
Traceback (most recent call last):
  File "/orfeo/cephfs/home/astreo/gbillo/solar_system/PINN/train.py", line 974, in <module>
    main()
  File "/orfeo/cephfs/home/astreo/gbillo/solar_system/PINN/train.py", line 966, in main
    run_unified_training(args, dataset, device)
  File "/orfeo/cephfs/home/astreo/gbillo/solar_system/PINN/train.py", line 694, in run_unified_training
    artifacts = train_emulator(
                ^^^^^^^^^^^^^^^
  File "/orfeo/cephfs/home/astreo/gbillo/solar_system/PINN/src/solsys_emulator/train.py", line 700, in train_emulator
    mu_t = torch.as_tensor(mu_array(bodies), dtype=torch.float32, device=device)
                           ^^^^^^^^^^^^^^^^
  File "/orfeo/cephfs/home/astreo/gbillo/solar_system/PINN/src/solsys_emulator/constants.py", line 39, in mu_array
    return np.asarray([get_mu(body) for body in bodies], dtype=float)
                      ^^^^^^^^^^^^^^^^^^^^^^^^^^^^^^^^^
  File "/orfeo/cephfs/home/astreo/gbillo/solar_system/PINN/src/solsys_emulator/constants.py", line 39, in <listcomp>
    return np.asarray([get_mu(body) for body in bodies], dtype=float)
                       ^^^^^^^^^^^^
  File "/orfeo/cephfs/home/astreo/gbillo/solar_system/PINN/src/solsys_emulator/constants.py", line 33, in get_mu
    raise KeyError(f"Unknown body {body!r}")
KeyError: "Unknown body '29734'"
E0421 17:10:19.393000 4068610 torch/distributed/elastic/multiprocessing/api.py:869] failed (exitcode: 1) local_rank: 0 (pid: 4068623) of binary: /orfeo/cephfs/home/astreo/gbillo/solar_system/PINN/.venv/bin/python
Traceback (most recent call last):
  File "/orfeo/cephfs/home/astreo/gbillo/solar_system/PINN/.venv/bin/torchrun", line 10, in <module>
    sys.exit(main())
             ^^^^^^
  File "/orfeo/cephfs/home/astreo/gbillo/solar_system/PINN/.venv/lib/python3.11/site-packages/torch/distributed/elastic/multiprocessing/errors/__init__.py", line 355, in wrapper
    return f(*args, **kwargs)
           ^^^^^^^^^^^^^^^^^^
  File "/orfeo/cephfs/home/astreo/gbillo/solar_system/PINN/.venv/lib/python3.11/site-packages/torch/distributed/run.py", line 919, in main
    run(args)
  File "/orfeo/cephfs/home/astreo/gbillo/solar_system/PINN/.venv/lib/python3.11/site-packages/torch/distributed/run.py", line 910, in run
    elastic_launch(
  File "/orfeo/cephfs/home/astreo/gbillo/solar_system/PINN/.venv/lib/python3.11/site-packages/torch/distributed/launcher/api.py", line 138, in __call__
    return launch_agent(self._config, self._entrypoint, list(args))
           ^^^^^^^^^^^^^^^^^^^^^^^^^^^^^^^^^^^^^^^^^^^^^^^^^^^^^^^^
  File "/orfeo/cephfs/home/astreo/gbillo/solar_system/PINN/.venv/lib/python3.11/site-packages/torch/distributed/launcher/api.py", line 269, in launch_agent
    raise ChildFailedError(
torch.distributed.elastic.multiprocessing.errors.ChildFailedError: 
============================================================
train.py FAILED
------------------------------------------------------------
Failures:
  <NO_OTHER_FAILURES>
------------------------------------------------------------
Root Cause (first observed failure):
[0]:
  time      : 2026-04-21_17:10:19
  host      : gpu002.hpc.rd.areasciencepark.it
  rank      : 0 (local_rank: 0)
  exitcode  : 1 (pid: 4068623)
  error_file: <N/A>
  traceback : To enable traceback see: https://pytorch.org/docs/stable/elastic/errors.html
============================================================

============================================================
 End time    : Tue Apr 21 05:10:19 PM CEST 2026
 Exit code   : 1
 Run dir     : logs/runs/1152884
============================================================

=== Cleanup ===
Stopping nvidia-smi sampler (PID 4068481)
Tue Apr 21 17:10:19 2026       
+-----------------------------------------------------------------------------------------+
| NVIDIA-SMI 580.105.08             Driver Version: 580.105.08     CUDA Version: 13.0     |
+-----------------------------------------+------------------------+----------------------+
| GPU  Name                 Persistence-M | Bus-Id          Disp.A | Volatile Uncorr. ECC |
| Fan  Temp   Perf          Pwr:Usage/Cap |           Memory-Usage | GPU-Util  Compute M. |
|                                         |                        |               MIG M. |
|=========================================+========================+======================|
|   0  Tesla V100-PCIE-32GB           Off |   00000000:3B:00.0 Off |                    0 |
| N/A   33C    P0             36W /  250W |       0MiB /  32768MiB |      0%      Default |
|                                         |                        |                  N/A |
+-----------------------------------------+------------------------+----------------------+

+-----------------------------------------------------------------------------------------+
| Processes:                                                                              |
|  GPU   GI   CI              PID   Type   Process name                        GPU Memory |
|        ID   ID                                                               Usage      |
|=========================================================================================|
|  No running processes found                                                             |
+-----------------------------------------------------------------------------------------+
2026/04/21 17:10:19.886, 0, 32768, 0, 32495, 0, 0, 33, 36.87
