============================================================
 Job name    : solsys_pinn
 Job ID      : 1055484
 Node        : dgx002
 CPUs/task   : 8
 Start time  : Thu Apr  2 12:52:01 PM CEST 2026
 Run dir     : logs/runs/1055484
============================================================
Metadata saved to logs/runs/1055484/meta.txt
/var/spool/slurm/d/job1055484/slurm_script: line 136: uv: command not found

=== NVIDIA-SMI debug setup ===
Thu Apr  2 12:52:01 2026       
+-----------------------------------------------------------------------------------------+
| NVIDIA-SMI 590.48.01              Driver Version: 590.48.01      CUDA Version: 13.1     |
+-----------------------------------------+------------------------+----------------------+
| GPU  Name                 Persistence-M | Bus-Id          Disp.A | Volatile Uncorr. ECC |
| Fan  Temp   Perf          Pwr:Usage/Cap |           Memory-Usage | GPU-Util  Compute M. |
|                                         |                        |               MIG M. |
|=========================================+========================+======================|
|   0  NVIDIA A100-SXM4-40GB          Off |   00000000:B7:00.0 Off |                    0 |
| N/A   40C    P0             58W /  400W |       0MiB /  40960MiB |      0%      Default |
|                                         |                        |             Disabled |
+-----------------------------------------+------------------------+----------------------+

+-----------------------------------------------------------------------------------------+
| Processes:                                                                              |
|  GPU   GI   CI              PID   Type   Process name                        GPU Memory |
|        ID   ID                                                               Usage      |
|=========================================================================================|
|  No running processes found                                                             |
+-----------------------------------------------------------------------------------------+
2026/04/02 12:52:02.075, 0, NVIDIA A100-SXM4-40GB, GPU-d7ebad4d-fa40-945e-38a4-03e3ccfdb178, 590.48.01, 40960, 0, 40442, 0, 0, 41, 70.33, 400.00
nvidia-smi sampler PID : 2309826
GPU timeseries log     : logs/runs/1055484/nvidia-smi.csv
Process monitor log    : logs/runs/1055484/nvidia-smi.pmon.csv
=============================

--- Python / torch ---
Python : /orfeo/cephfs/home/astreo/gbillo/solar_system/PINN/.venv/bin/python
Python 3.11.14
torch        : 2.10.0+cu128
CUDA available: True
GPU          : NVIDIA A100-SXM4-40GB

--- Starting pipeline ---
12:52:12 | INFO     | === Stage 0: Setup & dependency check ===
12:52:12 | INFO     | Project root : /orfeo/cephfs/home/astreo/gbillo/solar_system/PINN
12:52:12 | INFO     | Python       : /orfeo/cephfs/home/astreo/gbillo/solar_system/PINN/.venv/bin/python
12:52:12 | INFO     | Frame        : icrs | Origin: barycentric
12:52:12 | INFO     | Time scale   : tdb
12:52:12 | INFO     | Unit system  : UnitSystem(length='km', time='s', velocity='km/s', mu='km^3/s^2')
12:52:12 | INFO     | Bodies       : ('sun', 'mercury', 'venus', 'earth', 'moon', 'mars', 'jupiter', 'saturn', 'uranus', 'neptune')
12:52:12 | INFO     | All required packages found.
12:52:12 | INFO     | DE440 kernel : /orfeo/cephfs/home/astreo/gbillo/solar_system/PINN/data/de440.bsp
12:52:12 | INFO     | === Stage 1: Building dataset ===
12:52:12 | INFO     | Kernel path   : /orfeo/cephfs/home/astreo/gbillo/solar_system/PINN/data/de440.bsp
12:52:12 | INFO     | Date range    : 2010-01-01T00:00:00 → 2030-01-01T00:00:00
12:52:12 | INFO     | Step          : 3.0 h
12:52:13 | INFO     | States shape  : (58441, 10, 6)
12:52:13 | INFO     | Num samples   : 58441
12:52:13 | INFO     | Frame         : icrs | Timescale: tdb
12:52:14 | INFO     | Dataset saved : /u/astreo/gbillo/solar_system/PINN/data/dataset_demo.npz
Project root: /orfeo/cephfs/home/astreo/gbillo/solar_system/PINN
Python executable: /orfeo/cephfs/home/astreo/gbillo/solar_system/PINN/.venv/bin/python
Dataset source: /orfeo/cephfs/home/astreo/gbillo/solar_system/PINN/data/de440.bsp
States shape: (58441, 10, 6)
Num samples: 58441
Device: cuda
GPU-heavy profile: True
Model config: ModelConfig(num_bodies=10, state_mode='position_only', backbone_type='residual', hidden_dim=768, num_layers=8, fourier_features=96, min_frequency=0.02, max_frequency=96.0, frequency_spacing='log', head_layers=3, head_hidden_dim=384, body_embedding_dim=64, interaction_layers=2, interaction_hidden_dim=384, use_layer_norm=True, dropout=0.0)
Train config: TrainConfig(epochs=1400, batch_size=1536, gradient_accumulation_steps=1, lr=0.00025, weight_decay=5e-07, val_fraction=0.1, seed=42, device='cuda', train_loader_workers=8, pin_memory=True, persistent_workers=True, cuda_matmul_precision='high', allow_tf32=True, cudnn_benchmark=True, early_stopping_patience=260, split_mode='random', shuffle=True, grad_clip_norm=1.0, lr_scheduler='cosine', min_lr=5e-07, physics_loss_weight=0.0, smoothness_loss_weight=0.0, energy_loss_weight=0.0002, angular_momentum_loss_weight=0.0002, physics_start_epoch=0, smoothness_start_epoch=0, energy_start_epoch=40, angular_momentum_start_epoch=40, physics_warmup_epochs=1, smoothness_warmup_epochs=1, energy_warmup_epochs=320, angular_momentum_warmup_epochs=320, nbody_loss_weight=4e-06, nbody_start_epoch=40, nbody_warmup_epochs=320, nbody_softening_km=50000.0, nbody_relative_floor_km_s2=0.0002, adaptive_nbody_balance=True, nbody_target_fraction=0.01, nbody_balance_beta=0.97, nbody_balance_max_scale=100000000.0, nbody_batch_size=None, nbody_collocation_points=512, position_loss_weight=1.0, velocity_loss_weight=0.5, force_chronological_for_derivatives=False, sort_train_for_derivatives=False, compute_val_velocity_rmse=True, selection_metric='val_pos_rmse_km', show_progress=True)
Note: for position_only PINN, the active physics term is n-body residual; physics/smoothness losses stay disabled by design.
Training:   0%|          | 0/1400 [00:00<?, ?it/s]Training:   0%|          | 0/1400 [00:03<?, ?it/s]
Traceback (most recent call last):
  File "/orfeo/cephfs/home/astreo/gbillo/solar_system/PINN/PINN_train.py", line 358, in <module>
    main()
  File "/orfeo/cephfs/home/astreo/gbillo/solar_system/PINN/PINN_train.py", line 329, in main
    artifacts = train_emulator(
                ^^^^^^^^^^^^^^^
  File "/orfeo/cephfs/home/astreo/gbillo/solar_system/PINN/src/solsys_emulator/train.py", line 700, in train_emulator
    pred, pos_phys, vel_phys, acc_phys = _position_only_to_full_state_norm(
                                         ^^^^^^^^^^^^^^^^^^^^^^^^^^^^^^^^^^
  File "/orfeo/cephfs/home/astreo/gbillo/solar_system/PINN/src/solsys_emulator/train.py", line 347, in _position_only_to_full_state_norm
    vel_norm_time = vmap(jacrev(_single_time_pos_norm))(t_norm)
                    ^^^^^^^^^^^^^^^^^^^^^^^^^^^^^^^^^^^^^^^^^^^
  File "/orfeo/cephfs/home/astreo/gbillo/solar_system/PINN/.venv/lib/python3.11/site-packages/torch/_functorch/apis.py", line 208, in wrapped
    return vmap_impl(
           ^^^^^^^^^^
  File "/orfeo/cephfs/home/astreo/gbillo/solar_system/PINN/.venv/lib/python3.11/site-packages/torch/_functorch/vmap.py", line 283, in vmap_impl
    return _flat_vmap(
           ^^^^^^^^^^^
  File "/orfeo/cephfs/home/astreo/gbillo/solar_system/PINN/.venv/lib/python3.11/site-packages/torch/_functorch/vmap.py", line 433, in _flat_vmap
    batched_outputs = func(*batched_inputs, **kwargs)
                      ^^^^^^^^^^^^^^^^^^^^^^^^^^^^^^^
  File "/orfeo/cephfs/home/astreo/gbillo/solar_system/PINN/.venv/lib/python3.11/site-packages/torch/_functorch/eager_transforms.py", line 691, in wrapper_fn
    flat_jacobians_per_input = compute_jacobian_stacked()
                               ^^^^^^^^^^^^^^^^^^^^^^^^^^
  File "/orfeo/cephfs/home/astreo/gbillo/solar_system/PINN/.venv/lib/python3.11/site-packages/torch/_functorch/eager_transforms.py", line 613, in compute_jacobian_stacked
    chunked_result = vmap(vjp_fn)(basis)
                     ^^^^^^^^^^^^^^^^^^^
  File "/orfeo/cephfs/home/astreo/gbillo/solar_system/PINN/.venv/lib/python3.11/site-packages/torch/_functorch/apis.py", line 208, in wrapped
    return vmap_impl(
           ^^^^^^^^^^
  File "/orfeo/cephfs/home/astreo/gbillo/solar_system/PINN/.venv/lib/python3.11/site-packages/torch/_functorch/vmap.py", line 283, in vmap_impl
    return _flat_vmap(
           ^^^^^^^^^^^
  File "/orfeo/cephfs/home/astreo/gbillo/solar_system/PINN/.venv/lib/python3.11/site-packages/torch/_functorch/vmap.py", line 433, in _flat_vmap
    batched_outputs = func(*batched_inputs, **kwargs)
                      ^^^^^^^^^^^^^^^^^^^^^^^^^^^^^^^
  File "/orfeo/cephfs/home/astreo/gbillo/solar_system/PINN/.venv/lib/python3.11/site-packages/torch/_functorch/eager_transforms.py", line 396, in wrapper
    result = _autograd_grad(
             ^^^^^^^^^^^^^^^
  File "/orfeo/cephfs/home/astreo/gbillo/solar_system/PINN/.venv/lib/python3.11/site-packages/torch/_functorch/eager_transforms.py", line 143, in _autograd_grad
    grad_inputs = torch.autograd.grad(
                  ^^^^^^^^^^^^^^^^^^^^
  File "/orfeo/cephfs/home/astreo/gbillo/solar_system/PINN/.venv/lib/python3.11/site-packages/torch/autograd/__init__.py", line 515, in grad
    result = _engine_run_backward(
             ^^^^^^^^^^^^^^^^^^^^^
  File "/orfeo/cephfs/home/astreo/gbillo/solar_system/PINN/.venv/lib/python3.11/site-packages/torch/autograd/graph.py", line 865, in _engine_run_backward
    return Variable._execution_engine.run_backward(  # Calls into the C++ engine to run the backward pass
           ^^^^^^^^^^^^^^^^^^^^^^^^^^^^^^^^^^^^^^^^^^^^^^^^^^^^^^^^^^^^^^^^^^^^^^^^^^^^^^^^^^^^^^^^^^^^^^
torch.OutOfMemoryError: CUDA out of memory. Tried to allocate 226.00 MiB. GPU 0 has a total capacity of 39.49 GiB of which 14.50 MiB is free. Including non-PyTorch memory, this process has 39.47 GiB memory in use. Of the allocated memory 38.91 GiB is allocated by PyTorch, and 64.55 MiB is reserved by PyTorch but unallocated. If reserved but unallocated memory is large try setting PYTORCH_ALLOC_CONF=expandable_segments:True to avoid fragmentation.  See documentation for Memory Management  (https://pytorch.org/docs/stable/notes/cuda.html#environment-variables)

============================================================
 End time    : Thu Apr  2 12:53:07 PM CEST 2026
 Exit code   : 1
 Run dir     : logs/runs/1055484
============================================================

=== Cleanup ===
Stopping nvidia-smi sampler (PID 2309826)
Thu Apr  2 12:53:07 2026       
+-----------------------------------------------------------------------------------------+
| NVIDIA-SMI 590.48.01              Driver Version: 590.48.01      CUDA Version: 13.1     |
+-----------------------------------------+------------------------+----------------------+
| GPU  Name                 Persistence-M | Bus-Id          Disp.A | Volatile Uncorr. ECC |
| Fan  Temp   Perf          Pwr:Usage/Cap |           Memory-Usage | GPU-Util  Compute M. |
|                                         |                        |               MIG M. |
|=========================================+========================+======================|
|   0  NVIDIA A100-SXM4-40GB          Off |   00000000:B7:00.0 Off |                    0 |
| N/A   44C    P0             67W /  400W |       0MiB /  40960MiB |     20%      Default |
|                                         |                        |             Disabled |
+-----------------------------------------+------------------------+----------------------+

+-----------------------------------------------------------------------------------------+
| Processes:                                                                              |
|  GPU   GI   CI              PID   Type   Process name                        GPU Memory |
|        ID   ID                                                               Usage      |
|=========================================================================================|
|  No running processes found                                                             |
+-----------------------------------------------------------------------------------------+
2026/04/02 12:53:07.729, 0, 40960, 0, 40442, 100, 3, 45, 92.48
