[gbillo@gpu002 PINN]$ .venv/bin/torchrun --nproc_per_node=2 train.py
W0410 13:55:18.121000 1302668 torch/distributed/run.py:852] 
W0410 13:55:18.121000 1302668 torch/distributed/run.py:852] *****************************************
W0410 13:55:18.121000 1302668 torch/distributed/run.py:852] Setting OMP_NUM_THREADS environment variable for each process to be 1 in default, to avoid your system being overloaded, please further tune the variable for optimal performance in your application as needed. 
W0410 13:55:18.121000 1302668 torch/distributed/run.py:852] *****************************************
================================================================================
SOLAR SYSTEM PINN TRAINING
================================================================================
Project root: /orfeo/cephfs/home/astreo/gbillo/solar_system/PINN
Python: /orfeo/cephfs/home/astreo/gbillo/solar_system/PINN/.venv/bin/python
================================================================================
SOLAR SYSTEM PINN TRAINING
================================================================================
Project root: /orfeo/cephfs/home/astreo/gbillo/solar_system/PINN
Python: /orfeo/cephfs/home/astreo/gbillo/solar_system/PINN/.venv/bin/python

================================================================================
UNIFIED SINGLE-STAGE TRAINING MODE
================================================================================

Dataset: /orfeo/cephfs/home/astreo/gbillo/solar_system/PINN/data/dataset_demo.npz
States shape: (58441, 10, 6)
Num samples: 58441
Device: cuda:0
GPU profile: False
Model: 384x6 plain
Training: 600 epochs, batch=384, lr=0.0002
GPU Memory: 0.00 GB allocated, 0.00 GB reserved

Starting training...

================================================================================
UNIFIED SINGLE-STAGE TRAINING MODE
================================================================================

Dataset: /orfeo/cephfs/home/astreo/gbillo/solar_system/PINN/data/dataset_demo.npz
States shape: (58441, 10, 6)
Num samples: 58441
Device: cuda:1
GPU profile: False
Model: 384x6 plain
Training: 600 epochs, batch=384, lr=0.0002
GPU Memory: 0.00 GB allocated, 0.00 GB reserved

Starting training...
[Rank 0/1] Training on cuda:0
[Rank 0/1] Training on cuda:1
Training:   0%| | 0/600 [00:06<?, ?it/s, angmom=0.000e+00, data=8.821e+00, energy=0.000e+00, lr=2.00e-04, nbody=0.000e+00, nbo  → New best val_pos_rmse_km: 681165368.000000
Training:   0%| | 1/600 [00:06<1:08:09,  6.83s/it, angmom=0.000e+00, data=8.821e+00, energy=0.000e+00, lr=2.00e-04, nbody=0.00  → New best val_pos_rmse_km: 681165368.000000
Training:   0%| | 1/600 [00:13<1:08:09,  6.83s/it, angmom=0.000e+00, data=8.563e+00, energy=0.000e+00, lr=2.00e-04, nbody=0.00  → New best val_pos_rmse_km: 671198348.000000
Training:   0%| | 1/600 [00:13<1:08:17,  6.84s/it, angmom=0.000e+00, data=8.563e+00, energy=0.000e+00, lr=2.00e-04, nbody=0.00  → New best val_pos_rmse_km: 671198348.000000
Training:   0%| | 2/600 [00:19<1:06:26,  6.67s/it, angmom=0.000e+00, data=7.388e+00, energy=0.000e+00, lr=2.00e-04, nbody=0.00  → New best val_pos_rmse_km: 611561416.000000
Training:   0%| | 3/600 [00:19<1:05:34,  6.59s/it, angmom=0.000e+00, data=7.388e+00, energy=0.000e+00, lr=2.00e-04, nbody=0.00  → New best val_pos_rmse_km: 611561416.000000
Training:   0%| | 3/600 [00:26<1:05:34,  6.59s/it, angmom=0.000e+00, data=5.791e+00, energy=0.000e+00, lr=2.00e-04, nbody=0.00  → New best val_pos_rmse_km: 473469730.000000
Training:   0%| | 3/600 [00:26<1:05:31,  6.59s/it, angmom=0.000e+00, data=5.791e+00, energy=0.000e+00, lr=2.00e-04, nbody=0.00  → New best val_pos_rmse_km: 473469730.000000
Training:   1%| | 4/600 [00:32<1:05:17,  6.57s/it, angmom=0.000e+00, data=3.269e+00, energy=0.000e+00, lr=2.00e-04, nbody=0.00  → New best val_pos_rmse_km: 280691254.000000
Training:   1%| | 4/600 [00:32<1:05:15,  6.57s/it, angmom=0.000e+00, data=3.269e+00, energy=0.000e+00, lr=2.00e-04, nbody=0.00  → New best val_pos_rmse_km: 280691254.000000
Training:   1%| | 5/600 [00:39<1:04:06,  6.46s/it, angmom=0.000e+00, data=1.223e+00, energy=0.000e+00, lr=2.00e-04, nbody=0.00  → New best val_pos_rmse_km: 219637053.000000
Training:   1%| | 5/600 [00:39<1:04:19,  6.49s/it, angmom=0.000e+00, data=1.223e+00, energy=0.000e+00, lr=2.00e-04, nbody=0.00  → New best val_pos_rmse_km: 219637053.000000
Training:   1%| | 6/600 [00:45<1:04:03,  6.47s/it, angmom=0.000e+00, data=9.967e-01, energy=0.000e+00, lr=2.00e-04, nbody=0.00  → New best val_pos_rmse_km: 162414775.000000
Training:   1%| | 6/600 [00:45<1:04:18,  6.50s/it, angmom=0.000e+00, data=9.967e-01, energy=0.000e+00, lr=2.00e-04, nbody=0.00  → New best val_pos_rmse_km: 162414775.000000
Training:   1%| | 7/600 [00:51<1:02:57,  6.37s/it, angmom=0.000e+00, data=8.923e-01, energy=0.000e+00, lr=2.00e-04, nbody=0.00  → New best val_pos_rmse_km: 119685803.000000
Training:   1%| | 7/600 [00:51<1:03:50,  6.46s/it, angmom=0.000e+00, data=8.923e-01, energy=0.000e+00, lr=2.00e-04, nbody=0.00  → New best val_pos_rmse_km: 119685803.000000
Training:   1%| | 8/600 [00:58<1:02:47,  6.36s/it, angmom=0.000e+00, data=8.544e-01, energy=0.000e+00, lr=2.00e-04, nbody=0.00  → New best val_pos_rmse_km: 110271271.500000
Training:   1%| | 8/600 [00:58<1:03:19,  6.42s/it, angmom=0.000e+00, data=8.544e-01, energy=0.000e+00, lr=2.00e-04, nbody=0.00  → New best val_pos_rmse_km: 110271271.500000
Training:   2%| | 9/600 [01:05<1:03:50,  6.48s/it, angmom=0.000e+00, data=8.202e-01, energy=0.000e+00, lr=2.00e-04, nbody=0.00  → New best val_pos_rmse_km: 108020383.500000
Training:   2%| | 9/600 [01:05<1:04:00,  6.50s/it, angmom=0.000e+00, data=8.202e-01, energy=0.000e+00, lr=2.00e-04, nbody=0.00  → New best val_pos_rmse_km: 108020383.500000
Training:   2%| | 10/600 [01:11<1:04:29,  6.56s/it, angmom=0.000e+00, data=8.234e-01, energy=0.000e+00, lr=2.00e-04, nbody=0.0  → New best val_pos_rmse_km: 107452529.000000
Training:   2%| | 10/600 [01:12<1:04:40,  6.58s/it, angmom=0.000e+00, data=8.234e-01, energy=0.000e+00, lr=2.00e-04, nbody=0.0  → New best val_pos_rmse_km: 107452529.000000
Training:   2%| | 11/600 [01:18<1:05:00,  6.62s/it, angmom=0.000e+00, data=8.123e-01, energy=0.000e+00, lr=2.00e-04, nbody=0.0  → New best val_pos_rmse_km: 106875153.500000
Training:   2%| | 11/600 [01:18<1:05:01,  6.62s/it, angmom=0.000e+00, data=8.123e-01, energy=0.000e+00, lr=2.00e-04, nbody=0.0  → New best val_pos_rmse_km: 106875153.500000
Training:   2%| | 12/600 [01:25<1:05:34,  6.69s/it, angmom=0.000e+00, data=7.998e-01, energy=0.000e+00, lr=2.00e-04, nbody=0.0  → New best val_pos_rmse_km: 106514879.000000
Training:   2%| | 12/600 [01:25<1:05:33,  6.69s/it, angmom=0.000e+00, data=7.998e-01, energy=0.000e+00, lr=2.00e-04, nbody=0.0  → New best val_pos_rmse_km: 106514879.000000
Training:   2%| | 13/600 [01:31<1:05:14,  6.67s/it, angmom=0.000e+00, data=7.991e-01, energy=0.000e+00, lr=2.00e-04, nbody=0.0  → New best val_pos_rmse_km: 106051319.500000
Training:   2%| | 13/600 [01:32<1:05:36,  6.71s/it, angmom=0.000e+00, data=7.991e-01, energy=0.000e+00, lr=2.00e-04, nbody=0.0  → New best val_pos_rmse_km: 106051319.500000
Training:   2%| | 14/600 [01:38<1:04:12,  6.57s/it, angmom=0.000e+00, data=7.821e-01, energy=0.000e+00, lr=2.00e-04, nbody=0.0  → New best val_pos_rmse_km: 105902214.500000
Training:   2%| | 14/600 [01:38<1:04:18,  6.58s/it, angmom=0.000e+00, data=7.821e-01, energy=0.000e+00, lr=2.00e-04, nbody=0.0  → New best val_pos_rmse_km: 105902214.500000
Training:   2%| | 15/600 [01:44<1:03:30,  6.51s/it, angmom=0.000e+00, data=7.822e-01, energy=0.000e+00, lr=2.00e-04, nbody=0.0  → New best val_pos_rmse_km: 105687740.000000
Training:   2%| | 15/600 [01:44<1:03:27,  6.51s/it, angmom=0.000e+00, data=7.822e-01, energy=0.000e+00, lr=2.00e-04, nbody=0.0  → New best val_pos_rmse_km: 105687740.000000
Training:   3%| | 16/600 [01:51<1:03:22,  6.51s/it, angmom=0.000e+00, data=7.678e-01, energy=0.000e+00, lr=2.00e-04, nbody=0.0  → New best val_pos_rmse_km: 105439193.500000
Training:   3%| | 16/600 [01:51<1:02:59,  6.47s/it, angmom=0.000e+00, data=7.678e-01, energy=0.000e+00, lr=2.00e-04, nbody=0.0  → New best val_pos_rmse_km: 105439193.500000
Training:   3%| | 18/600 [02:03<1:02:29,  6.44s/it, angmom=0.000e+00, data=7.713e-01, energy=0.000e+00, lr=2.00e-04, nbody=0.0  → New best val_pos_rmse_km: 105248769.000000
Training:   3%| | 18/600 [02:04<1:02:47,  6.47s/it, angmom=0.000e+00, data=7.713e-01, energy=0.000e+00, lr=2.00e-04, nbody=0.0  → New best val_pos_rmse_km: 105248769.000000
Training:   3%| | 19/600 [02:10<1:02:40,  6.47s/it, angmom=0.000e+00, data=7.630e-01, energy=0.000e+00, lr=2.00e-04, nbody=0.0  → New best val_pos_rmse_km: 105226010.000000
Training:   3%| | 19/600 [02:10<1:02:47,  6.48s/it, angmom=0.000e+00, data=7.630e-01, energy=0.000e+00, lr=2.00e-04, nbody=0.0  → New best val_pos_rmse_km: 105226010.000000
Training:   6%| | 33/600 [09:59<5:13:54, 33.22s/it, angmom=7.448e-03, data=7.272e-01, energy=1.632e-01, lr=1.99e-04, nbody=1.8  → New best val_pos_rmse_km: 104961612.000000
Training:   6%| | 33/600 [10:03<5:16:10, 33.46s/it, angmom=7.448e-03, data=7.272e-01, energy=1.632e-01, lr=1.99e-04, nbody=1.8  → New best val_pos_rmse_km: 104961612.000000
Training:   6%| | 34/600 [10:32<5:14:15, 33.31s/it, angmom=6.370e-03, data=7.163e-01, energy=1.147e-01, lr=1.98e-04, nbody=1.8  → New best val_pos_rmse_km: 103590771.500000
Training:   6%| | 34/600 [10:37<5:15:51, 33.48s/it, angmom=6.370e-03, data=7.163e-01, energy=1.147e-01, lr=1.98e-04, nbody=1.8  → New best val_pos_rmse_km: 103590771.500000
Training:   6%| | 35/600 [11:06<5:13:05, 33.25s/it, angmom=6.942e-03, data=7.080e-01, energy=1.733e-01, lr=1.98e-04, nbody=1.8  → New best val_pos_rmse_km: 101811749.500000
Training:   6%| | 35/600 [11:10<5:16:29, 33.61s/it, angmom=6.942e-03, data=7.080e-01, energy=1.733e-01, lr=1.98e-04, nbody=1.8  → New best val_pos_rmse_km: 101811749.500000
Training:   6%| | 36/600 [11:40<5:13:28, 33.35s/it, angmom=6.304e-03, data=6.934e-01, energy=1.622e-01, lr=1.98e-04, nbody=1.8  → New best val_pos_rmse_km: 100338055.000000
Training:   6%| | 36/600 [11:44<5:14:39, 33.47s/it, angmom=6.304e-03, data=6.934e-01, energy=1.622e-01, lr=1.98e-04, nbody=1.8  → New best val_pos_rmse_km: 100338055.000000
Training:   6%| | 37/600 [12:13<5:14:17, 33.49s/it, angmom=6.310e-03, data=6.727e-01, energy=1.614e-01, lr=1.98e-04, nbody=1.8  → New best val_pos_rmse_km: 94781598.000000
Training:   6%| | 37/600 [12:17<5:15:04, 33.58s/it, angmom=6.310e-03, data=6.727e-01, energy=1.614e-01, lr=1.98e-04, nbody=1.8  → New best val_pos_rmse_km: 94781598.000000
Training:   6%| | 38/600 [12:47<5:13:54, 33.51s/it, angmom=6.187e-03, data=6.450e-01, energy=2.334e-01, lr=1.98e-04, nbody=1.8  → New best val_pos_rmse_km: 92814969.000000
Training:   6%| | 38/600 [12:51<5:14:43, 33.60s/it, angmom=6.187e-03, data=6.450e-01, energy=2.334e-01, lr=1.98e-04, nbody=1.8  → New best val_pos_rmse_km: 92814969.000000
Training:   6%| | 39/600 [13:20<5:13:35, 33.54s/it, angmom=6.220e-03, data=6.449e-01, energy=2.106e-01, lr=1.98e-04, nbody=1.8  → New best val_pos_rmse_km: 92377024.500000
Training:   6%| | 39/600 [13:25<5:15:13, 33.71s/it, angmom=6.220e-03, data=6.449e-01, energy=2.106e-01, lr=1.98e-04, nbody=1.8  → New best val_pos_rmse_km: 92377024.500000
Training:   7%| | 40/600 [13:54<5:12:41, 33.50s/it, angmom=6.581e-03, data=6.341e-01, energy=1.430e-01, lr=1.98e-04, nbody=1.8  → New best val_pos_rmse_km: 92172088.000000
Training:   7%| | 40/600 [13:59<5:14:25, 33.69s/it, angmom=6.581e-03, data=6.341e-01, energy=1.430e-01, lr=1.98e-04, nbody=1.8  → New best val_pos_rmse_km: 92172088.000000
Training:   7%| | 41/600 [14:27<5:12:05, 33.50s/it, angmom=5.594e-03, data=6.211e-01, energy=1.402e-01, lr=1.98e-04, nbody=1.7  → New best val_pos_rmse_km: 91195615.500000
Training:   7%| | 41/600 [14:33<5:14:33, 33.76s/it, angmom=5.594e-03, data=6.211e-01, energy=1.402e-01, lr=1.98e-04, nbody=1.7  → New best val_pos_rmse_km: 91195615.500000
Training:   7%| | 42/600 [15:01<5:11:18, 33.47s/it, angmom=5.552e-03, data=6.104e-01, energy=1.211e-01, lr=1.98e-04, nbody=1.7  → New best val_pos_rmse_km: 89178856.500000
Training:   7%| | 42/600 [15:06<5:14:11, 33.78s/it, angmom=5.552e-03, data=6.104e-01, energy=1.211e-01, lr=1.98e-04, nbody=1.7  → New best val_pos_rmse_km: 89178856.500000
Training:   7%| | 43/600 [15:35<5:12:00, 33.61s/it, angmom=5.246e-03, data=5.905e-01, energy=1.028e-01, lr=1.97e-04, nbody=1.6  → New best val_pos_rmse_km: 88530796.500000
Training:   7%| | 43/600 [15:41<5:13:32, 33.77s/it, angmom=5.246e-03, data=5.905e-01, energy=1.028e-01, lr=1.97e-04, nbody=1.6  → New best val_pos_rmse_km: 88530796.500000
Training:   7%| | 44/600 [16:09<5:12:02, 33.67s/it, angmom=5.956e-03, data=5.793e-01, energy=1.089e-01, lr=1.97e-04, nbody=1.3  → New best val_pos_rmse_km: 85786259.000000
Training:   7%| | 44/600 [16:15<5:14:17, 33.92s/it, angmom=5.956e-03, data=5.793e-01, energy=1.089e-01, lr=1.97e-04, nbody=1.3  → New best val_pos_rmse_km: 85786259.000000
Training:   8%| | 45/600 [16:42<5:12:35, 33.79s/it, angmom=6.298e-03, data=5.447e-01, energy=1.152e-01, lr=1.97e-04, nbody=1.1  → New best val_pos_rmse_km: 81931952.000000
Training:   8%| | 45/600 [16:48<5:14:32, 34.00s/it, angmom=6.298e-03, data=5.447e-01, energy=1.152e-01, lr=1.97e-04, nbody=1.1  → New best val_pos_rmse_km: 81931952.000000
Training:   8%| | 46/600 [17:16<5:10:10, 33.59s/it, angmom=6.054e-03, data=4.788e-01, energy=8.037e-02, lr=1.97e-04, nbody=1.0  → New best val_pos_rmse_km: 73157130.500000
Training:   8%| | 46/600 [17:22<5:12:41, 33.87s/it, angmom=6.054e-03, data=4.788e-01, energy=8.037e-02, lr=1.97e-04, nbody=1.0  → New best val_pos_rmse_km: 73157130.500000
Training:   8%| | 47/600 [17:49<5:08:56, 33.52s/it, angmom=5.778e-03, data=4.223e-01, energy=5.651e-02, lr=1.97e-04, nbody=9.2  → New best val_pos_rmse_km: 64035165.000000
Training:   8%| | 47/600 [17:56<5:11:33, 33.80s/it, angmom=5.778e-03, data=4.223e-01, energy=5.651e-02, lr=1.97e-04, nbody=9.2  → New best val_pos_rmse_km: 64035165.000000
Training:   8%| | 48/600 [18:22<5:07:23, 33.41s/it, angmom=6.109e-03, data=3.731e-01, energy=6.085e-02, lr=1.97e-04, nbody=9.0  → New best val_pos_rmse_km: 54687624.250000
Training:   8%| | 48/600 [18:29<5:10:19, 33.73s/it, angmom=6.109e-03, data=3.731e-01, energy=6.085e-02, lr=1.97e-04, nbody=9.0  → New best val_pos_rmse_km: 54687624.250000
Training:   8%| | 49/600 [18:55<5:06:54, 33.42s/it, angmom=5.641e-03, data=3.383e-01, energy=5.497e-02, lr=1.97e-04, nbody=8.8  → New best val_pos_rmse_km: 45587087.250000
Training:   8%| | 49/600 [19:02<5:08:43, 33.62s/it, angmom=5.641e-03, data=3.383e-01, energy=5.497e-02, lr=1.97e-04, nbody=8.8  → New best val_pos_rmse_km: 45587087.250000
Training:   8%| | 50/600 [19:28<5:05:32, 33.33s/it, angmom=4.864e-03, data=3.215e-01, energy=6.061e-02, lr=1.97e-04, nbody=8.9  → New best val_pos_rmse_km: 41079170.750000
Training:   8%| | 50/600 [19:36<5:07:09, 33.51s/it, angmom=4.864e-03, data=3.215e-01, energy=6.061e-02, lr=1.97e-04, nbody=8.9  → New best val_pos_rmse_km: 41079170.750000
Training:   8%| | 51/600 [20:03<5:04:36, 33.29s/it, angmom=4.655e-03, data=3.095e-01, energy=5.907e-02, lr=1.96e-04, nbody=8.8  → New best val_pos_rmse_km: 40664033.500000
Training:   8%| | 51/600 [20:10<5:06:30, 33.50s/it, angmom=4.655e-03, data=3.095e-01, energy=5.907e-02, lr=1.96e-04, nbody=8.8  → New best val_pos_rmse_km: 40664033.500000
Training:   9%| | 53/600 [21:10<5:06:33, 33.63s/it, angmom=4.701e-03, data=2.890e-01, energy=5.758e-02, lr=1.96e-04, nbody=8.1  → New best val_pos_rmse_km: 37405584.250000
Training:   9%| | 53/600 [21:17<5:06:32, 33.62s/it, angmom=4.701e-03, data=2.890e-01, energy=5.758e-02, lr=1.96e-04, nbody=8.1  → New best val_pos_rmse_km: 37405584.250000
Training:   9%| | 54/600 [21:44<5:05:41, 33.59s/it, angmom=4.394e-03, data=2.650e-01, energy=5.217e-02, lr=1.96e-04, nbody=6.6  → New best val_pos_rmse_km: 34915676.750000
Training:   9%| | 54/600 [21:50<5:05:26, 33.56s/it, angmom=4.394e-03, data=2.650e-01, energy=5.217e-02, lr=1.96e-04, nbody=6.6  → New best val_pos_rmse_km: 34915676.750000
Training:   9%| | 55/600 [22:17<5:05:18, 33.61s/it, angmom=4.380e-03, data=2.342e-01, energy=3.885e-02, lr=1.96e-04, nbody=4.7  → New best val_pos_rmse_km: 31848146.875000
Training:   9%| | 55/600 [22:24<5:04:25, 33.51s/it, angmom=4.380e-03, data=2.342e-01, energy=3.885e-02, lr=1.96e-04, nbody=4.7  → New best val_pos_rmse_km: 31848146.875000
Training:   9%| | 56/600 [22:50<5:05:06, 33.65s/it, angmom=4.139e-03, data=2.184e-01, energy=3.173e-02, lr=1.96e-04, nbody=4.2  → New best val_pos_rmse_km: 30805701.000000
Training:   9%| | 56/600 [22:57<5:03:47, 33.51s/it, angmom=4.139e-03, data=2.184e-01, energy=3.173e-02, lr=1.96e-04, nbody=4.2  → New best val_pos_rmse_km: 30805701.000000
Training:  10%| | 59/600 [24:31<5:02:40, 33.57s/it, angmom=4.101e-03, data=2.127e-01, energy=3.751e-02, lr=1.95e-04, nbody=4.2  → New best val_pos_rmse_km: 30337839.125000
Training:  10%| | 59/600 [24:37<5:01:56, 33.49s/it, angmom=4.101e-03, data=2.127e-01, energy=3.751e-02, lr=1.95e-04, nbody=4.2  → New best val_pos_rmse_km: 30337839.125000
Training:  10%| | 61/600 [25:38<5:01:16, 33.54s/it, angmom=3.236e-03, data=2.008e-01, energy=2.434e-02, lr=1.95e-04, nbody=4.0  → New best val_pos_rmse_km: 28446026.125000
Training:  10%| | 61/600 [25:44<5:00:35, 33.46s/it, angmom=3.236e-03, data=2.008e-01, energy=2.434e-02, lr=1.95e-04, nbody=4.0  → New best val_pos_rmse_km: 28446026.125000
Training:  10%| | 62/600 [25:44<4:59:38, 33.42s/it, angmom=3.236e-03, data=2.008e-01, energy=2.434e-02, lr=1.95e-04, nbody=4.0Training:  10%| | 62/600 [26:12<5:00:09, 33.47s/it, angmom=3.831e-03, data=1.956e-01, energy=2.344e-02, lr=1.95e-04, nbody=3.8  → New best val_pos_rmse_km: 26024794.750000
Training:  10%| | 62/600 [26:18<4:59:38, 33.42s/it, angmom=3.831e-03, data=1.956e-01, energy=2.344e-02, lr=1.95e-04, nbody=3.8  → New best val_pos_rmse_km: 26024794.750000
Training:  10%| | 63/600 [26:46<5:00:58, 33.63s/it, angmom=3.744e-03, data=1.909e-01, energy=1.833e-02, lr=1.95e-04, nbody=3.6  → New best val_pos_rmse_km: 24783014.250000
Training:  10%| | 63/600 [26:52<5:00:36, 33.59s/it, angmom=3.744e-03, data=1.909e-01, energy=1.833e-02, lr=1.95e-04, nbody=3.6  → New best val_pos_rmse_km: 24783014.250000
Training:  11%| | 64/600 [27:19<5:01:34, 33.76s/it, angmom=3.655e-03, data=1.778e-01, energy=1.399e-02, lr=1.94e-04, nbody=3.4  → New best val_pos_rmse_km: 21204955.000000
Training:  11%| | 64/600 [27:25<5:00:21, 33.62s/it, angmom=3.655e-03, data=1.778e-01, energy=1.399e-02, lr=1.94e-04, nbody=3.4  → New best val_pos_rmse_km: 21204955.000000
Training:  11%| | 65/600 [27:53<4:57:56, 33.41s/it, angmom=3.902e-03, data=1.717e-01, energy=1.472e-02, lr=1.94e-04, nbody=3.2  → New best val_pos_rmse_km: 19965965.250000
Training:  11%| | 65/600 [27:59<4:58:45, 33.51s/it, angmom=3.902e-03, data=1.717e-01, energy=1.472e-02, lr=1.94e-04, nbody=3.2  → New best val_pos_rmse_km: 19965965.250000
Training:  11%| | 67/600 [29:00<4:59:31, 33.72s/it, angmom=2.955e-03, data=1.611e-01, energy=1.110e-02, lr=1.94e-04, nbody=3.3  → New best val_pos_rmse_km: 19558300.000000
Training:  11%| | 67/600 [29:06<5:00:24, 33.82s/it, angmom=2.955e-03, data=1.611e-01, energy=1.110e-02, lr=1.94e-04, nbody=3.3  → New best val_pos_rmse_km: 19558300.000000
Training:  11%| | 68/600 [29:33<4:56:50, 33.48s/it, angmom=3.077e-03, data=1.643e-01, energy=1.157e-02, lr=1.94e-04, nbody=3.3  → New best val_pos_rmse_km: 19385234.000000
Training:  11%| | 68/600 [29:40<4:58:36, 33.68s/it, angmom=3.077e-03, data=1.643e-01, energy=1.157e-02, lr=1.94e-04, nbody=3.3  → New best val_pos_rmse_km: 19385234.000000
Training:  12%| | 72/600 [31:46<4:53:42, 33.38s/it, angmom=2.893e-03, data=1.594e-01, energy=1.082e-02, lr=1.93e-04, nbody=3.3  → New best val_pos_rmse_km: 19000941.875000
Training:  12%| | 72/600 [31:55<4:56:31, 33.70s/it, angmom=2.893e-03, data=1.594e-01, energy=1.082e-02, lr=1.93e-04, nbody=3.3  → New best val_pos_rmse_km: 19000941.875000
Training:  14%|▏| 85/600 [38:58<4:44:35, 33.16s/it, angmom=2.105e-03, data=1.555e-01, energy=7.892e-03, lr=1.90e-04, nbody=3.4  → New best val_pos_rmse_km: 18918750.125000
Training:  14%|▏| 85/600 [39:07<4:44:32, 33.15s/it, angmom=2.105e-03, data=1.555e-01, energy=7.892e-03, lr=1.90e-04, nbody=3.4  → New best val_pos_rmse_km: 18918750.125000
Training:  15%|▏| 91/600 [42:20<4:44:03, 33.48s/it, angmom=1.847e-03, data=1.512e-01, energy=6.921e-03, lr=1.89e-04, nbody=3.4  → New best val_pos_rmse_km: 18828769.250000
Training:  15%|▏| 91/600 [42:23<4:36:22, 32.58s/it, angmom=1.847e-03, data=1.512e-01, energy=6.921e-03, lr=1.89e-04, nbody=3.4  → New best val_pos_rmse_km: 18828769.250000
Training:  16%|▏| 98/600 [46:11<4:36:05, 33.00s/it, angmom=1.638e-03, data=1.488e-01, energy=6.196e-03, lr=1.87e-04, nbody=3.4  → New best val_pos_rmse_km: 18671428.625000
Training:  16%|▏| 98/600 [46:15<4:38:20, 33.27s/it, angmom=1.638e-03, data=1.488e-01, energy=6.196e-03, lr=1.87e-04, nbody=3.4  → New best val_pos_rmse_km: 18671428.625000
Training:  18%|▏| 105/600 [50:06<4:30:59, 32.85s/it, angmom=1.279e-03, data=1.472e-01, energy=4.881e-03, lr=1.85e-04, nbody=3.  → New best val_pos_rmse_km: 18589348.000000
Training:  18%|▏| 105/600 [50:07<4:37:10, 33.60s/it, angmom=1.279e-03, data=1.472e-01, energy=4.881e-03, lr=1.85e-04, nbody=3.  → New best val_pos_rmse_km: 18589348.000000
Training:  18%|▏| 109/600 [52:17<4:28:25, 32.80s/it, angmom=1.288e-03, data=1.470e-01, energy=4.912e-03, lr=1.84e-04, nbody=3.  → New best val_pos_rmse_km: 18584358.625000
Training:  18%|▏| 109/600 [52:19<4:33:03, 33.37s/it, angmom=1.288e-03, data=1.470e-01, energy=4.912e-03, lr=1.84e-04, nbody=3.  → New best val_pos_rmse_km: 18584358.625000
Training:  19%|▏| 113/600 [54:30<4:25:12, 32.67s/it, angmom=1.173e-03, data=1.459e-01, energy=4.430e-03, lr=1.83e-04, nbody=3.  → New best val_pos_rmse_km: 18581511.000000
Training:  19%|▏| 113/600 [54:32<4:31:15, 33.42s/it, angmom=1.173e-03, data=1.459e-01, energy=4.430e-03, lr=1.83e-04, nbody=3.  → New best val_pos_rmse_km: 18581511.000000
Training:  22%|▏| 132/600 [1:04:57<4:15:21, 32.74s/it, angmom=8.446e-04, data=1.416e-01, energy=3.227e-03, lr=1.77e-04, nbody=  → New best val_pos_rmse_km: 18459881.375000
Training:  22%|▏| 132/600 [1:05:00<4:18:45, 33.17s/it, angmom=8.446e-04, data=1.416e-01, energy=3.227e-03, lr=1.77e-04, nbody=  → New best val_pos_rmse_km: 18459881.375000
Training:  26%|▎| 159/600 [1:19:49<4:03:17, 33.10s/it, angmom=5.538e-04, data=1.351e-01, energy=2.537e-03, lr=1.67e-04, nbody=  → New best val_pos_rmse_km: 18435525.625000
Training:  26%|▎| 159/600 [1:19:53<4:04:48, 33.31s/it, angmom=5.538e-04, data=1.351e-01, energy=2.537e-03, lr=1.67e-04, nbody=  → New best val_pos_rmse_km: 18435525.625000
Training:  28%|▎| 169/600 [1:25:22<3:58:07, 33.15s/it, angmom=7.141e-04, data=1.123e-01, energy=3.822e-03, lr=1.63e-04, nbody=  → New best val_pos_rmse_km: 18117943.625000
Training:  28%|▎| 169/600 [1:25:24<3:57:39, 33.09s/it, angmom=7.141e-04, data=1.123e-01, energy=3.822e-03, lr=1.63e-04, nbody=  → New best val_pos_rmse_km: 18117943.625000
Training:  28%|▎| 171/600 [1:26:29<3:58:19, 33.33s/it, angmom=5.964e-04, data=1.017e-01, energy=3.092e-03, lr=1.63e-04, nbody=  → New best val_pos_rmse_km: 18060440.000000
Training:  28%|▎| 171/600 [1:26:29<3:54:15, 32.76s/it, angmom=5.964e-04, data=1.017e-01, energy=3.092e-03, lr=1.63e-04, nbody=  → New best val_pos_rmse_km: 18060440.000000
Training:  29%|▎| 173/600 [1:27:35<3:58:10, 33.47s/it, angmom=9.293e-04, data=9.615e-02, energy=5.001e-03, lr=1.62e-04, nbody=  → New best val_pos_rmse_km: 17435633.375000
Training:  29%|▎| 173/600 [1:27:36<3:52:51, 32.72s/it, angmom=9.293e-04, data=9.615e-02, energy=5.001e-03, lr=1.62e-04, nbody=  → New best val_pos_rmse_km: 17435633.375000
Training:  29%|▎| 174/600 [1:28:08<3:55:08, 33.12s/it, angmom=7.194e-04, data=9.197e-02, energy=3.460e-03, lr=1.61e-04, nbody=  → New best val_pos_rmse_km: 17075485.375000
Training:  29%|▎| 174/600 [1:28:10<3:54:05, 32.97s/it, angmom=7.194e-04, data=9.197e-02, energy=3.460e-03, lr=1.61e-04, nbody=  → New best val_pos_rmse_km: 17075485.375000
Training:  29%|▎| 175/600 [1:28:41<3:54:44, 33.14s/it, angmom=9.902e-04, data=9.015e-02, energy=4.548e-03, lr=1.61e-04, nbody=  → New best val_pos_rmse_km: 16453464.625000
Training:  29%|▎| 175/600 [1:28:43<3:55:21, 33.23s/it, angmom=9.902e-04, data=9.015e-02, energy=4.548e-03, lr=1.61e-04, nbody=  → New best val_pos_rmse_km: 16453464.625000
Training:  29%|▎| 176/600 [1:29:15<3:53:45, 33.08s/it, angmom=8.949e-04, data=8.532e-02, energy=4.376e-03, lr=1.61e-04, nbody=  → New best val_pos_rmse_km: 15527835.875000
Training:  29%|▎| 176/600 [1:29:17<3:55:47, 33.37s/it, angmom=8.949e-04, data=8.532e-02, energy=4.376e-03, lr=1.61e-04, nbody=  → New best val_pos_rmse_km: 15527835.875000
Training:  30%|▎| 178/600 [1:30:22<3:53:24, 33.19s/it, angmom=9.421e-04, data=7.869e-02, energy=4.490e-03, lr=1.60e-04, nbody=  → New best val_pos_rmse_km: 15220170.937500
Training:  30%|▎| 178/600 [1:30:22<3:55:11, 33.44s/it, angmom=9.421e-04, data=7.869e-02, energy=4.490e-03, lr=1.60e-04, nbody=  → New best val_pos_rmse_km: 15220170.937500
Training:  30%|▎| 180/600 [1:31:27<3:49:21, 32.77s/it, angmom=1.216e-03, data=7.549e-02, energy=5.539e-03, lr=1.59e-04, nbody=  → New best val_pos_rmse_km: 15082022.500000
Training:  30%|▎| 180/600 [1:31:29<3:54:14, 33.46s/it, angmom=1.216e-03, data=7.549e-02, energy=5.539e-03, lr=1.59e-04, nbody=  → New best val_pos_rmse_km: 15082022.500000
Training:  30%|▎| 181/600 [1:32:01<3:49:02, 32.80s/it, angmom=9.824e-04, data=7.135e-02, energy=4.695e-03, lr=1.58e-04, nbody=  → New best val_pos_rmse_km: 14921926.625000
Training:  30%|▎| 181/600 [1:32:03<3:53:03, 33.37s/it, angmom=9.824e-04, data=7.135e-02, energy=4.695e-03, lr=1.58e-04, nbody=  → New best val_pos_rmse_km: 14921926.625000
Training:  30%|▎| 182/600 [1:32:34<3:51:13, 33.19s/it, angmom=8.387e-04, data=6.400e-02, energy=4.291e-03, lr=1.58e-04, nbody=  → New best val_pos_rmse_km: 14086627.937500
Training:  30%|▎| 182/600 [1:32:36<3:52:50, 33.42s/it, angmom=8.387e-04, data=6.400e-02, energy=4.291e-03, lr=1.58e-04, nbody=  → New best val_pos_rmse_km: 14086627.937500
Training:  31%|▎| 184/600 [1:33:39<3:48:22, 32.94s/it, angmom=9.680e-04, data=5.046e-02, energy=4.640e-03, lr=1.57e-04, nbody=  → New best val_pos_rmse_km: 13217246.750000
Training:  31%|▎| 184/600 [1:33:44<3:52:39, 33.56s/it, angmom=9.680e-04, data=5.046e-02, energy=4.640e-03, lr=1.57e-04, nbody=  → New best val_pos_rmse_km: 13217246.750000
Training:  31%|▎| 185/600 [1:34:12<3:47:04, 32.83s/it, angmom=9.543e-04, data=4.614e-02, energy=4.795e-03, lr=1.57e-04, nbody=  → New best val_pos_rmse_km: 12260174.812500
Training:  31%|▎| 185/600 [1:34:17<3:52:09, 33.57s/it, angmom=9.543e-04, data=4.614e-02, energy=4.795e-03, lr=1.57e-04, nbody=  → New best val_pos_rmse_km: 12260174.812500
Training:  31%|▎| 186/600 [1:34:45<3:45:51, 32.73s/it, angmom=7.628e-04, data=4.090e-02, energy=3.567e-03, lr=1.56e-04, nbody=  → New best val_pos_rmse_km: 11655567.500000
Training:  31%|▎| 186/600 [1:34:49<3:50:44, 33.44s/it, angmom=7.628e-04, data=4.090e-02, energy=3.567e-03, lr=1.56e-04, nbody=  → New best val_pos_rmse_km: 11655567.500000
Training:  31%|▎| 187/600 [1:35:19<3:46:57, 32.97s/it, angmom=7.516e-04, data=3.789e-02, energy=3.572e-03, lr=1.56e-04, nbody=  → New best val_pos_rmse_km: 11288074.250000
Training:  31%|▎| 187/600 [1:35:22<3:48:04, 33.13s/it, angmom=7.516e-04, data=3.789e-02, energy=3.572e-03, lr=1.56e-04, nbody=  → New best val_pos_rmse_km: 11288074.250000
Training:  31%|▎| 188/600 [1:35:52<3:47:13, 33.09s/it, angmom=8.216e-04, data=3.655e-02, energy=3.876e-03, lr=1.55e-04, nbody=  → New best val_pos_rmse_km: 11183455.625000
Training:  31%|▎| 188/600 [1:35:54<3:46:06, 32.93s/it, angmom=8.216e-04, data=3.655e-02, energy=3.876e-03, lr=1.55e-04, nbody=  → New best val_pos_rmse_km: 11183455.625000
Training:  32%|▎| 189/600 [1:36:25<3:47:34, 33.22s/it, angmom=7.489e-04, data=3.478e-02, energy=3.455e-03, lr=1.55e-04, nbody=  → New best val_pos_rmse_km: 10988285.125000
Training:  32%|▎| 189/600 [1:36:27<3:44:12, 32.73s/it, angmom=7.489e-04, data=3.478e-02, energy=3.455e-03, lr=1.55e-04, nbody=  → New best val_pos_rmse_km: 10988285.125000
Training:  32%|▎| 190/600 [1:36:58<3:46:32, 33.15s/it, angmom=1.008e-03, data=3.420e-02, energy=5.277e-03, lr=1.55e-04, nbody=  → New best val_pos_rmse_km: 10661896.187500
Training:  32%|▎| 190/600 [1:37:00<3:44:28, 32.85s/it, angmom=1.008e-03, data=3.420e-02, energy=5.277e-03, lr=1.55e-04, nbody=  → New best val_pos_rmse_km: 10661896.187500
Training:  32%|▎| 192/600 [1:38:03<3:44:39, 33.04s/it, angmom=7.364e-04, data=3.097e-02, energy=3.504e-03, lr=1.54e-04, nbody=  → New best val_pos_rmse_km: 10548633.687500
Training:  32%|▎| 192/600 [1:38:08<3:46:39, 33.33s/it, angmom=7.364e-04, data=3.097e-02, energy=3.504e-03, lr=1.54e-04, nbody=  → New best val_pos_rmse_km: 10548633.687500
Training:  32%|▎| 193/600 [1:38:36<3:42:44, 32.84s/it, angmom=8.641e-04, data=2.940e-02, energy=4.123e-03, lr=1.53e-04, nbody=  → New best val_pos_rmse_km: 10435082.375000
Training:  32%|▎| 193/600 [1:38:42<3:46:25, 33.38s/it, angmom=8.641e-04, data=2.940e-02, energy=4.123e-03, lr=1.53e-04, nbody=  → New best val_pos_rmse_km: 10435082.375000
Training:  32%|▎| 194/600 [1:39:09<3:41:27, 32.73s/it, angmom=6.971e-04, data=2.713e-02, energy=3.394e-03, lr=1.53e-04, nbody=  → New best val_pos_rmse_km: 10401005.062500
Training:  32%|▎| 194/600 [1:39:15<3:46:20, 33.45s/it, angmom=6.971e-04, data=2.713e-02, energy=3.394e-03, lr=1.53e-04, nbody=  → New best val_pos_rmse_km: 10401005.062500
Training:  32%|▎| 195/600 [1:39:42<3:41:58, 32.89s/it, angmom=8.154e-04, data=2.409e-02, energy=4.080e-03, lr=1.52e-04, nbody=  → New best val_pos_rmse_km: 8911984.750000
Training:  32%|▎| 195/600 [1:39:48<3:46:37, 33.58s/it, angmom=8.154e-04, data=2.409e-02, energy=4.080e-03, lr=1.52e-04, nbody=  → New best val_pos_rmse_km: 8911984.750000
Training:  33%|▎| 196/600 [1:40:17<3:41:58, 32.97s/it, angmom=7.804e-04, data=2.136e-02, energy=3.822e-03, lr=1.52e-04, nbody=  → New best val_pos_rmse_km: 8356393.875000
Training:  33%|▎| 196/600 [1:40:22<3:44:08, 33.29s/it, angmom=7.804e-04, data=2.136e-02, energy=3.822e-03, lr=1.52e-04, nbody=  → New best val_pos_rmse_km: 8356393.875000
Training:  33%|▎| 197/600 [1:40:51<3:44:38, 33.44s/it, angmom=8.740e-04, data=1.872e-02, energy=4.237e-03, lr=1.51e-04, nbody=  → New best val_pos_rmse_km: 7949717.875000
Training:  33%|▎| 197/600 [1:40:56<3:45:15, 33.54s/it, angmom=8.740e-04, data=1.872e-02, energy=4.237e-03, lr=1.51e-04, nbody=  → New best val_pos_rmse_km: 7949717.875000
Training:  33%|▎| 198/600 [1:41:24<3:45:06, 33.60s/it, angmom=9.098e-04, data=1.692e-02, energy=4.369e-03, lr=1.51e-04, nbody=  → New best val_pos_rmse_km: 7617023.687500
Training:  33%|▎| 198/600 [1:41:28<3:44:46, 33.55s/it, angmom=9.098e-04, data=1.692e-02, energy=4.369e-03, lr=1.51e-04, nbody=  → New best val_pos_rmse_km: 7617023.687500
Training:  33%|▎| 199/600 [1:41:59<3:44:27, 33.58s/it, angmom=7.450e-04, data=1.440e-02, energy=3.560e-03, lr=1.51e-04, nbody=  → New best val_pos_rmse_km: 7421077.937500
Training:  33%|▎| 199/600 [1:42:03<3:42:19, 33.27s/it, angmom=7.450e-04, data=1.440e-02, energy=3.560e-03, lr=1.51e-04, nbody=  → New best val_pos_rmse_km: 7421077.937500
Training:  33%|▎| 200/600 [1:42:33<3:45:53, 33.88s/it, angmom=8.318e-04, data=1.267e-02, energy=3.889e-03, lr=1.50e-04, nbody=  → New best val_pos_rmse_km: 5974773.031250
Training:  33%|▎| 200/600 [1:42:37<3:44:27, 33.67s/it, angmom=8.318e-04, data=1.267e-02, energy=3.889e-03, lr=1.50e-04, nbody=  → New best val_pos_rmse_km: 5974773.031250
Training:  34%|▎| 204/600 [1:44:47<3:40:42, 33.44s/it, angmom=7.864e-04, data=9.729e-03, energy=3.682e-03, lr=1.48e-04, nbody=  → New best val_pos_rmse_km: 5608980.031250
Training:  34%|▎| 204/600 [1:44:50<3:41:17, 33.53s/it, angmom=7.864e-04, data=9.729e-03, energy=3.682e-03, lr=1.48e-04, nbody=  → New best val_pos_rmse_km: 5608980.031250
Training:  34%|▎| 205/600 [1:45:20<3:41:09, 33.59s/it, angmom=8.115e-04, data=1.003e-02, energy=3.841e-03, lr=1.48e-04, nbody=  → New best val_pos_rmse_km: 5181585.531250
Training:  34%|▎| 205/600 [1:45:23<3:40:41, 33.52s/it, angmom=8.115e-04, data=1.003e-02, energy=3.841e-03, lr=1.48e-04, nbody=  → New best val_pos_rmse_km: 5181585.531250
Training:  34%|▎| 206/600 [1:45:23<3:39:07, 33.37s/it, angmom=8.115e-04, data=1.003e-02, energy=3.841e-03, lr=1.48e-04, nbody=srun: Job step aborted: Waiting up to 32 seconds for job step to finish.
slurmstepd: error: *** STEP 1094003.0 ON gpu002 CANCELLED AT 2026-04-10T15:40:55 DUE TO TIME LIMIT ***
Training:  34%|▎| 207/600 [1:45:56<3:36:25, 33.04s/it, angmom=4.994e-04, data=8.631e-03, energy=2.369e-03, lr=1.47e-04, nbody=srun: error: gpu002: task 0: Killed

