=== Experiment parameters ===
  Start year         : 2010
  End year           : 2030
  Step hours         : 3.0
  Epochs             : 1000
  Batch size         : 384
  Collocation points : 256
  Infer start        : 2025-01-01T00:00:00
  Infer end          : 2026-01-01T00:00:00
  Infer step hours   : 6.0
  Kernel             : PINN/data/de440.bsp
  Output dir         : artifacts
  Device             : cuda
  Recipe             : improved
  Skip physics stage : 0
  Num workers        : 4
  Mixed precision    : 0
  Dataset path       : /u/astreo/gbillo/solar_system/PINN/data/dataset_demo.npz
  Checkpoint dir     : /u/astreo/gbillo/solar_system/PINN/checkpoints
  Plots dir          : /u/astreo/gbillo/solar_system/PINN/plots
=============================
============================================================
 Job name      : solsys_pinn_ddp
 Job ID        : 1055473
 Node          : gpu002
 Nodes         : 1
 Tasks/node    : 2
 GPUs/node     : 2
 CPUs/task     : 8
 Start time    : Thu Apr  2 12:49:40 PM CEST 2026
 Run dir       : logs/runs/1055473
============================================================
Metadata saved to logs/runs/1055473/meta.txt
/var/spool/slurm/d/job1055473/slurm_script: line 159: uv: command not found
